node.exe : 
2026-03-25T07:46:01Z INF 
Thank you for trying 
Cloudflare Tunnel. Doing so, 
without a Cloudflare account, 
is a quick way to experiment 
and try it out. However, be 
aware that these account-less 
Tunnels have no uptime 
guarantee, are subject to the 
Cloudflare Online Services 
Terms of Use (https://www.clou
dflare.com/website-terms/), 
and Cloudflare reserves the 
right to investigate your use 
of Tunnels for violations of 
such terms. If you intend to 
use Tunnels in production you 
should use a pre-created 
named tunnel by following: htt
ps://developers.cloudflare.com
/cloudflare-one/connections/co
nnect-apps
At line:1 char:1
+ & "C:\Program 
Files\nodejs/node.exe" 
"C:\Program 
Files\nodejs/node_mo ...
+ ~~~~~~~~~~~~~~~~~~~~~~~~~~~~
~~~~~~~~~~~~~~~~~~~~~~~~~~~~~~
~~~~~~~~~~~
    + CategoryInfo          : 
    NotSpecified: (2026-03-2  
  5T07:4...ns/connect-apps:   
 String) [], RemoteExcepti    
on
    + FullyQualifiedErrorId : 
    NativeCommandError
 
2026-03-25T07:46:01Z INF 
Requesting new quick Tunnel 
on trycloudflare.com...
2026-03-25T07:46:06Z INF +----
------------------------------
------------------------------
----------------------------+
2026-03-25T07:46:06Z INF |  
Your quick Tunnel has been 
created! Visit it at (it may 
take some time to be 
reachable):  |
2026-03-25T07:46:06Z INF |  ht
tps://terrorists-concerning-st
roke-acres.trycloudflare.com  
                            |
2026-03-25T07:46:06Z INF +----
------------------------------
------------------------------
----------------------------+
2026-03-25T07:46:06Z INF 
Cannot determine default 
configuration path. No file 
[config.yml config.yaml] in 
[~/.cloudflared 
~/.cloudflare-warp 
~/cloudflare-warp]
2026-03-25T07:46:06Z INF 
Version 2025.11.1 (Checksum 41
3f9b24dc6e61a455564651524f167b
8ce29ac4ccd40703dea7af93cd37ed
39)
2026-03-25T07:46:06Z INF 
GOOS: windows, GOVersion: 
go1.24.9, GoArch: amd64
2026-03-25T07:46:06Z INF 
Settings: 
map[ha-connections:1 
protocol:quic 
url:http://localhost:3000]
2026-03-25T07:46:06Z INF 
cloudflared will not 
automatically update on 
Windows systems.
2026-03-25T07:46:06Z INF 
Generated Connector ID: 5e3d0d
0d-a4f9-4d0c-84cd-985b3747d869
2026-03-25T07:46:06Z INF 
Initial protocol quic
2026-03-25T07:46:06Z INF ICMP 
proxy will use 192.168.1.4 as 
source for IPv4
2026-03-25T07:46:06Z INF ICMP 
proxy will use 2402:a00:403:20
63:5ad:c0c1:2cc4:7ea2 in zone 
Wi-Fi as source for IPv6
2026-03-25T07:46:06Z ERR 
Cannot determine default 
origin certificate path. No 
file cert.pem in 
[~/.cloudflared 
~/.cloudflare-warp 
~/cloudflare-warp]. You need 
to specify the origin 
certificate path by 
specifying the origincert 
option in the configuration 
file, or set 
TUNNEL_ORIGIN_CERT 
environment variable 
originCertPath=
2026-03-25T07:46:06Z INF 
cloudflared does not support 
loading the system root 
certificate pool on Windows. 
Please use --origin-ca-pool 
<PATH> to specify the path to 
the certificate pool
2026-03-25T07:46:06Z INF ICMP 
proxy will use 192.168.1.4 as 
source for IPv4
2026-03-25T07:46:06Z INF 
Tunnel connection curve 
preferences: [X25519MLKEM768 
CurveP256] connIndex=0 
event=0 ip=198.41.192.227
2026-03-25T07:46:06Z INF ICMP 
proxy will use 2402:a00:403:20
63:5ad:c0c1:2cc4:7ea2 in zone 
Wi-Fi as source for IPv6
2026-03-25T07:46:06Z INF 
Starting metrics server on 
127.0.0.1:20241/metrics
2026-03-25T07:46:07Z INF 
Registered tunnel connection 
connIndex=0 connection=1828740
d-9de9-4c43-b400-203eed8fa3d7 
event=0 ip=198.41.192.227 
location=bom03 protocol=quic
2026-03-25T09:03:56Z INF 
Initiating graceful shutdown 
due to signal terminated ...
2026-03-25T09:03:56Z ERR 
failed to run the datagram 
handler error="context 
canceled" connIndex=0 event=0 
ip=198.41.192.227
2026-03-25T09:03:56Z ERR 
failed to serve tunnel 
connection error="accept 
stream listener encountered a 
failure while serving" 
connIndex=0 event=0 
ip=198.41.192.227
2026-03-25T09:03:56Z ERR 
Serve tunnel error 
error="accept stream listener 
encountered a failure while 
serving" connIndex=0 event=0 
ip=198.41.192.227
2026-03-25T09:03:56Z INF 
Retrying connection in up to 
1s connIndex=0 event=0 
ip=198.41.192.227
2026-03-25T09:03:56Z ERR 
Connection terminated 
connIndex=0
2026-03-25T09:03:56Z ERR no 
more connections active and 
exiting
2026-03-25T09:03:56Z INF 
Tunnel server stopped
2026-03-25T09:03:56Z INF 
Metrics server stopped
